[celldform] Job started: Thu Jun 25 17:04:05 EDT 2026
[celldform] Node: h019
[celldform] Job ID: 18579963
[celldform] CUDA: True | NVIDIA H100 80GB HBM3
[celldform] Dataset split — train: 30  val: 6  test: 4
[celldform] Config snapshot → checkpoints/config.yaml

============================================================
  Platform info [before training]
============================================================
  OS          : Linux 4.18.0-553.81.1.el8_10.x86_64 (x86_64)
  Python      : 3.10.20
  PyTorch     : 2.12.1+cu130
  Device      : NVIDIA H100 80GB HBM3 (GPU 0)
  CUDA        : 13.0
  VRAM        : 79.2 GB
============================================================

Epoch 001/100  train_loss=0.9639  val_loss=0.9301  val_DSC=0.0014  (4.8s)
  → Checkpoint saved: checkpoints/unet_best.pt  (DSC=0.0014)
Epoch 002/100  train_loss=0.9401  val_loss=0.9274  val_DSC=0.0014  (0.1s)
Epoch 003/100  train_loss=0.9179  val_loss=0.9256  val_DSC=0.0014  (0.1s)
Epoch 004/100  train_loss=0.9033  val_loss=0.9242  val_DSC=0.0014  (0.1s)
Epoch 005/100  train_loss=0.8942  val_loss=0.9226  val_DSC=0.0014  (0.1s)
Epoch 006/100  train_loss=0.8876  val_loss=0.9206  val_DSC=0.0014  (0.1s)
Epoch 007/100  train_loss=0.8808  val_loss=0.9182  val_DSC=0.0014  (0.1s)
Epoch 008/100  train_loss=0.8755  val_loss=0.9161  val_DSC=0.0014  (0.1s)
Epoch 009/100  train_loss=0.8722  val_loss=0.9141  val_DSC=0.0014  (0.1s)
Epoch 010/100  train_loss=0.8694  val_loss=0.9122  val_DSC=0.0007  (0.1s)
Epoch 011/100  train_loss=0.8654  val_loss=0.9104  val_DSC=0.0002  (0.1s)
Epoch 012/100  train_loss=0.8623  val_loss=0.9085  val_DSC=0.0001  (0.1s)
Epoch 013/100  train_loss=0.8586  val_loss=0.9069  val_DSC=0.0001  (0.1s)
Epoch 014/100  train_loss=0.8559  val_loss=0.9056  val_DSC=0.0001  (0.1s)
Epoch 015/100  train_loss=0.8539  val_loss=0.9043  val_DSC=0.0001  (0.1s)
Epoch 016/100  train_loss=0.8522  val_loss=0.9031  val_DSC=0.0001  (0.1s)
Epoch 017/100  train_loss=0.8503  val_loss=0.9019  val_DSC=0.0001  (0.1s)
Epoch 018/100  train_loss=0.8488  val_loss=0.9005  val_DSC=0.0008  (0.1s)
Epoch 019/100  train_loss=0.8470  val_loss=0.8989  val_DSC=0.0021  (0.1s)
  → Checkpoint saved: checkpoints/unet_best.pt  (DSC=0.0021)
Epoch 020/100  train_loss=0.8451  val_loss=0.8966  val_DSC=0.0055  (0.1s)
  → Checkpoint saved: checkpoints/unet_best.pt  (DSC=0.0055)
Epoch 021/100  train_loss=0.8432  val_loss=0.8934  val_DSC=0.0139  (0.1s)
  → Checkpoint saved: checkpoints/unet_best.pt  (DSC=0.0139)
Epoch 022/100  train_loss=0.8414  val_loss=0.8895  val_DSC=0.0247  (0.1s)
  → Checkpoint saved: checkpoints/unet_best.pt  (DSC=0.0247)
Epoch 023/100  train_loss=0.8399  val_loss=0.8849  val_DSC=0.0432  (0.1s)
  → Checkpoint saved: checkpoints/unet_best.pt  (DSC=0.0432)
Epoch 024/100  train_loss=0.8384  val_loss=0.8758  val_DSC=0.0774  (0.1s)
  → Checkpoint saved: checkpoints/unet_best.pt  (DSC=0.0774)
Epoch 025/100  train_loss=0.8367  val_loss=0.8636  val_DSC=0.1118  (0.1s)
  → Checkpoint saved: checkpoints/unet_best.pt  (DSC=0.1118)
Epoch 026/100  train_loss=0.8346  val_loss=0.8541  val_DSC=0.1455  (0.1s)
  → Checkpoint saved: checkpoints/unet_best.pt  (DSC=0.1455)
Epoch 027/100  train_loss=0.8339  val_loss=0.8446  val_DSC=0.1849  (0.1s)
  → Checkpoint saved: checkpoints/unet_best.pt  (DSC=0.1849)
Epoch 028/100  train_loss=0.8315  val_loss=0.8393  val_DSC=0.2332  (0.1s)
  → Checkpoint saved: checkpoints/unet_best.pt  (DSC=0.2332)
Epoch 029/100  train_loss=0.8301  val_loss=0.8350  val_DSC=0.2749  (0.1s)
  → Checkpoint saved: checkpoints/unet_best.pt  (DSC=0.2749)
Epoch 030/100  train_loss=0.8290  val_loss=0.8316  val_DSC=0.3092  (0.1s)
  → Checkpoint saved: checkpoints/unet_best.pt  (DSC=0.3092)
Epoch 031/100  train_loss=0.8274  val_loss=0.8291  val_DSC=0.3684  (0.1s)
  → Checkpoint saved: checkpoints/unet_best.pt  (DSC=0.3684)
Epoch 032/100  train_loss=0.8258  val_loss=0.8274  val_DSC=0.4222  (0.1s)
  → Checkpoint saved: checkpoints/unet_best.pt  (DSC=0.4222)
Epoch 033/100  train_loss=0.8245  val_loss=0.8262  val_DSC=0.4603  (0.1s)
  → Checkpoint saved: checkpoints/unet_best.pt  (DSC=0.4603)
Epoch 034/100  train_loss=0.8232  val_loss=0.8250  val_DSC=0.4913  (0.1s)
  → Checkpoint saved: checkpoints/unet_best.pt  (DSC=0.4913)
Epoch 035/100  train_loss=0.8223  val_loss=0.8240  val_DSC=0.5169  (0.1s)
  → Checkpoint saved: checkpoints/unet_best.pt  (DSC=0.5169)
Epoch 036/100  train_loss=0.8208  val_loss=0.8228  val_DSC=0.5410  (0.1s)
  → Checkpoint saved: checkpoints/unet_best.pt  (DSC=0.5410)
Epoch 037/100  train_loss=0.8191  val_loss=0.8213  val_DSC=0.5685  (0.1s)
  → Checkpoint saved: checkpoints/unet_best.pt  (DSC=0.5685)
Epoch 038/100  train_loss=0.8180  val_loss=0.8201  val_DSC=0.5860  (0.1s)
  → Checkpoint saved: checkpoints/unet_best.pt  (DSC=0.5860)
Epoch 039/100  train_loss=0.8169  val_loss=0.8187  val_DSC=0.6019  (0.1s)
  → Checkpoint saved: checkpoints/unet_best.pt  (DSC=0.6019)
Epoch 040/100  train_loss=0.8156  val_loss=0.8179  val_DSC=0.6125  (0.1s)
  → Checkpoint saved: checkpoints/unet_best.pt  (DSC=0.6125)
Epoch 041/100  train_loss=0.8145  val_loss=0.8170  val_DSC=0.6051  (0.1s)
Epoch 042/100  train_loss=0.8139  val_loss=0.8163  val_DSC=0.5995  (0.1s)
Epoch 043/100  train_loss=0.8130  val_loss=0.8162  val_DSC=0.5943  (0.1s)
Epoch 044/100  train_loss=0.8121  val_loss=0.8149  val_DSC=0.5940  (0.1s)
Epoch 045/100  train_loss=0.8112  val_loss=0.8145  val_DSC=0.6011  (0.1s)
Epoch 046/100  train_loss=0.8102  val_loss=0.8134  val_DSC=0.5921  (0.1s)
Epoch 047/100  train_loss=0.8090  val_loss=0.8124  val_DSC=0.5897  (0.1s)
Epoch 048/100  train_loss=0.8088  val_loss=0.8113  val_DSC=0.5844  (0.1s)
Epoch 049/100  train_loss=0.8082  val_loss=0.8104  val_DSC=0.5899  (0.1s)
Epoch 050/100  train_loss=0.8077  val_loss=0.8096  val_DSC=0.6128  (0.1s)
  → Checkpoint saved: checkpoints/unet_best.pt  (DSC=0.6128)
Epoch 051/100  train_loss=0.8077  val_loss=0.8089  val_DSC=0.6330  (0.1s)
  → Checkpoint saved: checkpoints/unet_best.pt  (DSC=0.6330)
Epoch 052/100  train_loss=0.8070  val_loss=0.8083  val_DSC=0.6496  (0.1s)
  → Checkpoint saved: checkpoints/unet_best.pt  (DSC=0.6496)
Epoch 053/100  train_loss=0.8070  val_loss=0.8077  val_DSC=0.6517  (0.1s)
  → Checkpoint saved: checkpoints/unet_best.pt  (DSC=0.6517)
Epoch 054/100  train_loss=0.8063  val_loss=0.8073  val_DSC=0.6508  (0.1s)
Epoch 055/100  train_loss=0.8059  val_loss=0.8070  val_DSC=0.6556  (0.1s)
  → Checkpoint saved: checkpoints/unet_best.pt  (DSC=0.6556)
Epoch 056/100  train_loss=0.8056  val_loss=0.8064  val_DSC=0.6568  (0.1s)
  → Checkpoint saved: checkpoints/unet_best.pt  (DSC=0.6568)
Epoch 057/100  train_loss=0.8056  val_loss=0.8058  val_DSC=0.6607  (0.1s)
  → Checkpoint saved: checkpoints/unet_best.pt  (DSC=0.6607)
Epoch 058/100  train_loss=0.8051  val_loss=0.8054  val_DSC=0.6604  (0.1s)
Epoch 059/100  train_loss=0.8047  val_loss=0.8051  val_DSC=0.6604  (0.1s)
Epoch 060/100  train_loss=0.8044  val_loss=0.8049  val_DSC=0.6610  (0.1s)
  → Checkpoint saved: checkpoints/unet_best.pt  (DSC=0.6610)
Epoch 061/100  train_loss=0.8041  val_loss=0.8047  val_DSC=0.6610  (0.1s)
Epoch 062/100  train_loss=0.8036  val_loss=0.8042  val_DSC=0.6684  (0.1s)
  → Checkpoint saved: checkpoints/unet_best.pt  (DSC=0.6684)
Epoch 063/100  train_loss=0.8035  val_loss=0.8038  val_DSC=0.6772  (0.1s)
  → Checkpoint saved: checkpoints/unet_best.pt  (DSC=0.6772)
Epoch 064/100  train_loss=0.8033  val_loss=0.8035  val_DSC=0.6798  (0.1s)
  → Checkpoint saved: checkpoints/unet_best.pt  (DSC=0.6798)
Epoch 065/100  train_loss=0.8028  val_loss=0.8033  val_DSC=0.6791  (0.1s)
Epoch 066/100  train_loss=0.8024  val_loss=0.8031  val_DSC=0.6743  (0.1s)
Epoch 067/100  train_loss=0.8023  val_loss=0.8029  val_DSC=0.6775  (0.1s)
Epoch 068/100  train_loss=0.8021  val_loss=0.8026  val_DSC=0.6801  (0.1s)
  → Checkpoint saved: checkpoints/unet_best.pt  (DSC=0.6801)
Epoch 069/100  train_loss=0.8020  val_loss=0.8025  val_DSC=0.6753  (0.1s)
Epoch 070/100  train_loss=0.8017  val_loss=0.8024  val_DSC=0.6734  (0.1s)
Epoch 071/100  train_loss=0.8014  val_loss=0.8022  val_DSC=0.6699  (0.1s)
Epoch 072/100  train_loss=0.8013  val_loss=0.8016  val_DSC=0.6696  (0.1s)
Epoch 073/100  train_loss=0.8007  val_loss=0.8011  val_DSC=0.6853  (0.1s)
  → Checkpoint saved: checkpoints/unet_best.pt  (DSC=0.6853)
Epoch 074/100  train_loss=0.8005  val_loss=0.8007  val_DSC=0.7034  (0.1s)
  → Checkpoint saved: checkpoints/unet_best.pt  (DSC=0.7034)
Epoch 075/100  train_loss=0.8006  val_loss=0.8002  val_DSC=0.7167  (0.1s)
  → Checkpoint saved: checkpoints/unet_best.pt  (DSC=0.7167)
Epoch 076/100  train_loss=0.7999  val_loss=0.8001  val_DSC=0.7221  (0.1s)
  → Checkpoint saved: checkpoints/unet_best.pt  (DSC=0.7221)
Epoch 077/100  train_loss=0.7999  val_loss=0.7998  val_DSC=0.7207  (0.1s)
Epoch 078/100  train_loss=0.7996  val_loss=0.7997  val_DSC=0.7153  (0.1s)
Epoch 079/100  train_loss=0.7994  val_loss=0.7997  val_DSC=0.7048  (0.1s)
Epoch 080/100  train_loss=0.7991  val_loss=0.7996  val_DSC=0.7048  (0.1s)
Epoch 081/100  train_loss=0.7989  val_loss=0.7994  val_DSC=0.7075  (0.1s)
Epoch 082/100  train_loss=0.7987  val_loss=0.7989  val_DSC=0.7203  (0.1s)
Epoch 083/100  train_loss=0.7985  val_loss=0.7986  val_DSC=0.7247  (0.1s)
  → Checkpoint saved: checkpoints/unet_best.pt  (DSC=0.7247)
Epoch 084/100  train_loss=0.7984  val_loss=0.7984  val_DSC=0.7272  (0.1s)
  → Checkpoint saved: checkpoints/unet_best.pt  (DSC=0.7272)
Epoch 085/100  train_loss=0.7984  val_loss=0.7982  val_DSC=0.7276  (0.1s)
  → Checkpoint saved: checkpoints/unet_best.pt  (DSC=0.7276)
Epoch 086/100  train_loss=0.7982  val_loss=0.7980  val_DSC=0.7280  (0.1s)
  → Checkpoint saved: checkpoints/unet_best.pt  (DSC=0.7280)
Epoch 087/100  train_loss=0.7980  val_loss=0.7978  val_DSC=0.7309  (0.1s)
  → Checkpoint saved: checkpoints/unet_best.pt  (DSC=0.7309)
Epoch 088/100  train_loss=0.7979  val_loss=0.7976  val_DSC=0.7335  (0.1s)
  → Checkpoint saved: checkpoints/unet_best.pt  (DSC=0.7335)
Epoch 089/100  train_loss=0.7979  val_loss=0.7976  val_DSC=0.7343  (0.1s)
  → Checkpoint saved: checkpoints/unet_best.pt  (DSC=0.7343)
Epoch 090/100  train_loss=0.7976  val_loss=0.7976  val_DSC=0.7350  (0.1s)
  → Checkpoint saved: checkpoints/unet_best.pt  (DSC=0.7350)
Epoch 091/100  train_loss=0.7976  val_loss=0.7975  val_DSC=0.7350  (0.1s)
Epoch 092/100  train_loss=0.7976  val_loss=0.7973  val_DSC=0.7362  (0.1s)
  → Checkpoint saved: checkpoints/unet_best.pt  (DSC=0.7362)
Epoch 093/100  train_loss=0.7975  val_loss=0.7971  val_DSC=0.7362  (0.1s)
Epoch 094/100  train_loss=0.7974  val_loss=0.7972  val_DSC=0.7358  (0.1s)
Epoch 095/100  train_loss=0.7972  val_loss=0.7972  val_DSC=0.7381  (0.1s)
  → Checkpoint saved: checkpoints/unet_best.pt  (DSC=0.7381)
Epoch 096/100  train_loss=0.7971  val_loss=0.7971  val_DSC=0.7392  (0.1s)
  → Checkpoint saved: checkpoints/unet_best.pt  (DSC=0.7392)
Epoch 097/100  train_loss=0.7969  val_loss=0.7969  val_DSC=0.7438  (0.1s)
  → Checkpoint saved: checkpoints/unet_best.pt  (DSC=0.7438)
Epoch 098/100  train_loss=0.7969  val_loss=0.7967  val_DSC=0.7434  (0.1s)
Epoch 099/100  train_loss=0.7970  val_loss=0.7965  val_DSC=0.7446  (0.1s)
  → Checkpoint saved: checkpoints/unet_best.pt  (DSC=0.7446)
Epoch 100/100  train_loss=0.7968  val_loss=0.7964  val_DSC=0.7407  (0.1s)

============================================================
  Platform info [after training]
============================================================
  OS          : Linux 4.18.0-553.81.1.el8_10.x86_64 (x86_64)
  Python      : 3.10.20
  PyTorch     : 2.12.1+cu130
  Device      : NVIDIA H100 80GB HBM3 (GPU 0)
  CUDA        : 13.0
  VRAM        : 79.2 GB
============================================================


Final validation metrics:
  dsc: 0.7407
  iou: 0.5884
  precision: 0.5884
  recall: 1.0000
  accuracy: 0.9987
Training curves saved to results/unet_training_curves_v5.png
[celldform] Job finished: Thu Jun 25 17:04:43 EDT 2026
